[2026-03-04 18:51:59.053] [info] Using configuration file /home/runner/.config/waybar/config.jsonc
[2026-03-04 18:51:59.055] [info] Discovered appearance 'dark'
[2026-03-04 18:51:59.066] [info] Using CSS file /home/runner/.config/waybar/style.css
[2026-03-04 18:51:59.071] [info] Hyprland IPC starting
[2026-03-04 18:51:59.071] [info] Loading persistent workspaces from Hyprland workspace rules
Full
[2026-03-04 18:51:59.204] [info] Bar configured (width: 1920, height: 30) for output: HDMI-A-1
[2026-03-04 18:51:59.204] [error] Item '': No icon name or pixmap given.
[2026-03-04 18:55:19.558] [info] Using configuration file /home/runner/.config/waybar/config.jsonc
[2026-03-04 18:55:19.559] [info] Discovered appearance 'dark'
[2026-03-04 18:55:19.571] [info] Using CSS file /home/runner/.config/waybar/style.css
[2026-03-04 18:55:19.575] [info] Hyprland IPC starting
[2026-03-04 18:55:19.576] [info] Loading persistent workspaces from Hyprland workspace rules
Full
[2026-03-04 18:55:19.706] [info] Bar configured (width: 1920, height: 30) for output: HDMI-A-1
[2026-03-04 18:55:19.706] [error] Item '': No icon name or pixmap given.
[2026-03-04 18:56:13.865] [info] Using configuration file /home/runner/.config/waybar/config.jsonc
[2026-03-04 18:56:13.867] [info] Discovered appearance 'dark'
[2026-03-04 18:56:13.879] [info] Using CSS file /home/runner/.config/waybar/style.css
[2026-03-04 18:56:13.883] [info] Hyprland IPC starting
[2026-03-04 18:56:13.884] [info] Loading persistent workspaces from Hyprland workspace rules
Full
[2026-03-04 18:56:14.013] [info] Bar configured (width: 1920, height: 30) for output: HDMI-A-1
[2026-03-04 18:56:14.013] [error] Item '': No icon name or pixmap given.

(waybar:404814): LIBDBUSMENU-GLIB-WARNING **: 18:59:17.914: Unable to replace properties on 0: Error getting properties for ID

(waybar:404814): LIBDBUSMENU-GLIB-WARNING **: 18:59:17.949: Unable to replace properties on 0: Error getting properties for ID

(waybar:404814): LIBDBUSMENU-GLIB-WARNING **: 19:00:08.701: Getting layout failed: GDBus.Error:org.freedesktop.DBus.Error.UnknownMethod: Object does not exist at path “/”

(waybar:404814): LIBDBUSMENU-GLIB-WARNING **: 19:01:01.687: Getting layout failed: GDBus.Error:org.freedesktop.DBus.Error.UnknownMethod: Object does not exist at path “/”

(waybar:404814): LIBDBUSMENU-GLIB-WARNING **: 19:10:19.378: Unable to replace properties on 0: Error getting properties for ID

(waybar:404814): LIBDBUSMENU-GLIB-WARNING **: 19:12:53.551: Unable to replace properties on 0: Error getting properties for ID
